Archive member included to satisfy reference by file (symbol)

c:/st/stm32cubeide_1.10.1/stm32cubeide/plugins/com.st.stm32cube.ide.mcu.externaltools.gnu-tools-for-stm32.10.3-2021.10.win32_1.0.0.202111181127/tools/bin/../lib/gcc/arm-none-eabi/10.3.1/../../../../arm-none-eabi/lib/thumb/v7e-m+fp/hard\libc_nano.a(lib_a-errno.o)
                              ./Core/Src/syscalls.o (__errno)
c:/st/stm32cubeide_1.10.1/stm32cubeide/plugins/com.st.stm32cube.ide.mcu.externaltools.gnu-tools-for-stm32.10.3-2021.10.win32_1.0.0.202111181127/tools/bin/../lib/gcc/arm-none-eabi/10.3.1/../../../../arm-none-eabi/lib/thumb/v7e-m+fp/hard\libc_nano.a(lib_a-exit.o)
                              c:/st/stm32cubeide_1.10.1/stm32cubeide/plugins/com.st.stm32cube.ide.mcu.externaltools.gnu-tools-for-stm32.10.3-2021.10.win32_1.0.0.202111181127/tools/bin/../lib/gcc/arm-none-eabi/10.3.1/../../../../arm-none-eabi/lib/thumb/v7e-m+fp/hard/crt0.o (exit)
c:/st/stm32cubeide_1.10.1/stm32cubeide/plugins/com.st.stm32cube.ide.mcu.externaltools.gnu-tools-for-stm32.10.3-2021.10.win32_1.0.0.202111181127/tools/bin/../lib/gcc/arm-none-eabi/10.3.1/../../../../arm-none-eabi/lib/thumb/v7e-m+fp/hard\libc_nano.a(lib_a-impure.o)
                              c:/st/stm32cubeide_1.10.1/stm32cubeide/plugins/com.st.stm32cube.ide.mcu.externaltools.gnu-tools-for-stm32.10.3-2021.10.win32_1.0.0.202111181127/tools/bin/../lib/gcc/arm-none-eabi/10.3.1/../../../../arm-none-eabi/lib/thumb/v7e-m+fp/hard\libc_nano.a(lib_a-exit.o) (_global_impure_ptr)
c:/st/stm32cubeide_1.10.1/stm32cubeide/plugins/com.st.stm32cube.ide.mcu.externaltools.gnu-tools-for-stm32.10.3-2021.10.win32_1.0.0.202111181127/tools/bin/../lib/gcc/arm-none-eabi/10.3.1/../../../../arm-none-eabi/lib/thumb/v7e-m+fp/hard\libc_nano.a(lib_a-init.o)
                              c:/st/stm32cubeide_1.10.1/stm32cubeide/plugins/com.st.stm32cube.ide.mcu.externaltools.gnu-tools-for-stm32.10.3-2021.10.win32_1.0.0.202111181127/tools/bin/../lib/gcc/arm-none-eabi/10.3.1/../../../../arm-none-eabi/lib/thumb/v7e-m+fp/hard/crt0.o (__libc_init_array)
c:/st/stm32cubeide_1.10.1/stm32cubeide/plugins/com.st.stm32cube.ide.mcu.externaltools.gnu-tools-for-stm32.10.3-2021.10.win32_1.0.0.202111181127/tools/bin/../lib/gcc/arm-none-eabi/10.3.1/../../../../arm-none-eabi/lib/thumb/v7e-m+fp/hard\libc_nano.a(lib_a-memset.o)
                              c:/st/stm32cubeide_1.10.1/stm32cubeide/plugins/com.st.stm32cube.ide.mcu.externaltools.gnu-tools-for-stm32.10.3-2021.10.win32_1.0.0.202111181127/tools/bin/../lib/gcc/arm-none-eabi/10.3.1/../../../../arm-none-eabi/lib/thumb/v7e-m+fp/hard/crt0.o (memset)
c:/st/stm32cubeide_1.10.1/stm32cubeide/plugins/com.st.stm32cube.ide.mcu.externaltools.gnu-tools-for-stm32.10.3-2021.10.win32_1.0.0.202111181127/tools/bin/../lib/gcc/arm-none-eabi/10.3.1/thumb/v7e-m+fp/hard\libgcc.a(_aeabi_uldivmod.o)
                              ./Drivers/STM32F4xx_HAL_Driver/Src/stm32f4xx_hal_rcc.o (__aeabi_uldivmod)
c:/st/stm32cubeide_1.10.1/stm32cubeide/plugins/com.st.stm32cube.ide.mcu.externaltools.gnu-tools-for-stm32.10.3-2021.10.win32_1.0.0.202111181127/tools/bin/../lib/gcc/arm-none-eabi/10.3.1/thumb/v7e-m+fp/hard\libgcc.a(_udivmoddi4.o)
                              c:/st/stm32cubeide_1.10.1/stm32cubeide/plugins/com.st.stm32cube.ide.mcu.externaltools.gnu-tools-for-stm32.10.3-2021.10.win32_1.0.0.202111181127/tools/bin/../lib/gcc/arm-none-eabi/10.3.1/thumb/v7e-m+fp/hard\libgcc.a(_aeabi_uldivmod.o) (__udivmoddi4)
c:/st/stm32cubeide_1.10.1/stm32cubeide/plugins/com.st.stm32cube.ide.mcu.externaltools.gnu-tools-for-stm32.10.3-2021.10.win32_1.0.0.202111181127/tools/bin/../lib/gcc/arm-none-eabi/10.3.1/thumb/v7e-m+fp/hard\libgcc.a(_dvmd_tls.o)
                              c:/st/stm32cubeide_1.10.1/stm32cubeide/plugins/com.st.stm32cube.ide.mcu.externaltools.gnu-tools-for-stm32.10.3-2021.10.win32_1.0.0.202111181127/tools/bin/../lib/gcc/arm-none-eabi/10.3.1/thumb/v7e-m+fp/hard\libgcc.a(_aeabi_uldivmod.o) (__aeabi_ldiv0)

Discarded input sections

 .text          0x0000000000000000        0x0 c:/st/stm32cubeide_1.10.1/stm32cubeide/plugins/com.st.stm32cube.ide.mcu.externaltools.gnu-tools-for-stm32.10.3-2021.10.win32_1.0.0.202111181127/tools/bin/../lib/gcc/arm-none-eabi/10.3.1/thumb/v7e-m+fp/hard/crti.o
 .data          0x0000000000000000        0x0 c:/st/stm32cubeide_1.10.1/stm32cubeide/plugins/com.st.stm32cube.ide.mcu.externaltools.gnu-tools-for-stm32.10.3-2021.10.win32_1.0.0.202111181127/tools/bin/../lib/gcc/arm-none-eabi/10.3.1/thumb/v7e-m+fp/hard/crti.o
 .bss           0x0000000000000000        0x0 c:/st/stm32cubeide_1.10.1/stm32cubeide/plugins/com.st.stm32cube.ide.mcu.externaltools.gnu-tools-for-stm32.10.3-2021.10.win32_1.0.0.202111181127/tools/bin/../lib/gcc/arm-none-eabi/10.3.1/thumb/v7e-m+fp/hard/crti.o
[...]
Memory Configuration

Name             Origin             Length             Attributes
RAM              0x0000000020000000 0x0000000000020000 xrw
FLASH            0x0000000008000000 0x0000000000080000 xr
*default*        0x0000000000000000 0xffffffffffffffff

Linker script and memory map

LOAD c:/st/stm32cubeide_1.10.1/stm32cubeide/plugins/com.st.stm32cube.ide.mcu.externaltools.gnu-tools-for-stm32.10.3-2021.10.win32_1.0.0.202111181127/tools/bin/../lib/gcc/arm-none-eabi/10.3.1/thumb/v7e-m+fp/hard/crti.o
LOAD c:/st/stm32cubeide_1.10.1/stm32cubeide/plugins/com.st.stm32cube.ide.mcu.externaltools.gnu-tools-for-stm32.10.3-2021.10.win32_1.0.0.202111181127/tools/bin/../lib/gcc/arm-none-eabi/10.3.1/thumb/v7e-m+fp/hard/crtbegin.o
LOAD c:/st/stm32cubeide_1.10.1/stm32cubeide/plugins/com.st.stm32cube.ide.mcu.externaltools.gnu-tools-for-stm32.10.3-2021.10.win32_1.0.0.202111181127/tools/bin/../lib/gcc/arm-none-eabi/10.3.1/../../../../arm-none-eabi/lib/thumb/v7e-m+fp/hard/crt0.o
LOAD ./Core/Module_1/Module_1.o
LOAD ./Core/Module_1/Module_1_interface.o
LOAD ./Core/Module_2/Module_2.o
LOAD ./Core/Module_2/Module_2_interface.o
LOAD ./Core/Nervios_System/Nervious_System.o
LOAD ./Core/Src/main.o
LOAD ./Core/Src/stm32f4xx_hal_msp.o
LOAD ./Core/Src/stm32f4xx_it.o
LOAD ./Core/Src/syscalls.o
LOAD ./Core/Src/sysmem.o
LOAD ./Core/Src/system_stm32f4xx.o
LOAD ./Core/Startup/startup_stm32f446retx.o
LOAD ./Drivers/STM32F4xx_HAL_Driver/Src/stm32f4xx_hal.o
LOAD ./Drivers/STM32F4xx_HAL_Driver/Src/stm32f4xx_hal_cortex.o
LOAD ./Drivers/STM32F4xx_HAL_Driver/Src/stm32f4xx_hal_dma.o
LOAD ./Drivers/STM32F4xx_HAL_Driver/Src/stm32f4xx_hal_dma_ex.o
LOAD ./Drivers/STM32F4xx_HAL_Driver/Src/stm32f4xx_hal_exti.o
LOAD ./Drivers/STM32F4xx_HAL_Driver/Src/stm32f4xx_hal_flash.o
LOAD ./Drivers/STM32F4xx_HAL_Driver/Src/stm32f4xx_hal_flash_ex.o
LOAD ./Drivers/STM32F4xx_HAL_Driver/Src/stm32f4xx_hal_flash_ramfunc.o
LOAD ./Drivers/STM32F4xx_HAL_Driver/Src/stm32f4xx_hal_gpio.o
LOAD ./Drivers/STM32F4xx_HAL_Driver/Src/stm32f4xx_hal_pwr.o
LOAD ./Drivers/STM32F4xx_HAL_Driver/Src/stm32f4xx_hal_pwr_ex.o
LOAD ./Drivers/STM32F4xx_HAL_Driver/Src/stm32f4xx_hal_rcc.o
LOAD ./Drivers/STM32F4xx_HAL_Driver/Src/stm32f4xx_hal_rcc_ex.o
LOAD ./Drivers/STM32F4xx_HAL_Driver/Src/stm32f4xx_hal_tim.o
LOAD ./Drivers/STM32F4xx_HAL_Driver/Src/stm32f4xx_hal_tim_ex.o
LOAD ./Drivers/STM32F4xx_HAL_Driver/Src/stm32f4xx_hal_uart.o
START GROUP
LOAD c:/st/stm32cubeide_1.10.1/stm32cubeide/plugins/com.st.stm32cube.ide.mcu.externaltools.gnu-tools-for-stm32.10.3-2021.10.win32_1.0.0.202111181127/tools/bin/../lib/gcc/arm-none-eabi/10.3.1/../../../../arm-none-eabi/lib/thumb/v7e-m+fp/hard\libc_nano.a
LOAD c:/st/stm32cubeide_1.10.1/stm32cubeide/plugins/com.st.stm32cube.ide.mcu.externaltools.gnu-tools-for-stm32.10.3-2021.10.win32_1.0.0.202111181127/tools/bin/../lib/gcc/arm-none-eabi/10.3.1/../../../../arm-none-eabi/lib/thumb/v7e-m+fp/hard\libm.a
END GROUP
START GROUP
LOAD c:/st/stm32cubeide_1.10.1/stm32cubeide/plugins/com.st.stm32cube.ide.mcu.externaltools.gnu-tools-for-stm32.10.3-2021.10.win32_1.0.0.202111181127/tools/bin/../lib/gcc/arm-none-eabi/10.3.1/thumb/v7e-m+fp/hard\libgcc.a
LOAD c:/st/stm32cubeide_1.10.1/stm32cubeide/plugins/com.st.stm32cube.ide.mcu.externaltools.gnu-tools-for-stm32.10.3-2021.10.win32_1.0.0.202111181127/tools/bin/../lib/gcc/arm-none-eabi/10.3.1/../../../../arm-none-eabi/lib/thumb/v7e-m+fp/hard\libc_nano.a
END GROUP
START GROUP
LOAD c:/st/stm32cubeide_1.10.1/stm32cubeide/plugins/com.st.stm32cube.ide.mcu.externaltools.gnu-tools-for-stm32.10.3-2021.10.win32_1.0.0.202111181127/tools/bin/../lib/gcc/arm-none-eabi/10.3.1/thumb/v7e-m+fp/hard\libgcc.a
LOAD c:/st/stm32cubeide_1.10.1/stm32cubeide/plugins/com.st.stm32cube.ide.mcu.externaltools.gnu-tools-for-stm32.10.3-2021.10.win32_1.0.0.202111181127/tools/bin/../lib/gcc/arm-none-eabi/10.3.1/../../../../arm-none-eabi/lib/thumb/v7e-m+fp/hard\libc_nano.a
LOAD c:/st/stm32cubeide_1.10.1/stm32cubeide/plugins/com.st.stm32cube.ide.mcu.externaltools.gnu-tools-for-stm32.10.3-2021.10.win32_1.0.0.202111181127/tools/bin/../lib/gcc/arm-none-eabi/10.3.1/../../../../arm-none-eabi/lib/thumb/v7e-m+fp/hard\libnosys.a
END GROUP
START GROUP
LOAD c:/st/stm32cubeide_1.10.1/stm32cubeide/plugins/com.st.stm32cube.ide.mcu.externaltools.gnu-tools-for-stm32.10.3-2021.10.win32_1.0.0.202111181127/tools/bin/../lib/gcc/arm-none-eabi/10.3.1/thumb/v7e-m+fp/hard\libgcc.a
LOAD c:/st/stm32cubeide_1.10.1/stm32cubeide/plugins/com.st.stm32cube.ide.mcu.externaltools.gnu-tools-for-stm32.10.3-2021.10.win32_1.0.0.202111181127/tools/bin/../lib/gcc/arm-none-eabi/10.3.1/../../../../arm-none-eabi/lib/thumb/v7e-m+fp/hard\libc_nano.a
LOAD c:/st/stm32cubeide_1.10.1/stm32cubeide/plugins/com.st.stm32cube.ide.mcu.externaltools.gnu-tools-for-stm32.10.3-2021.10.win32_1.0.0.202111181127/tools/bin/../lib/gcc/arm-none-eabi/10.3.1/../../../../arm-none-eabi/lib/thumb/v7e-m+fp/hard\libnosys.a
END GROUP
LOAD c:/st/stm32cubeide_1.10.1/stm32cubeide/plugins/com.st.stm32cube.ide.mcu.externaltools.gnu-tools-for-stm32.10.3-2021.10.win32_1.0.0.202111181127/tools/bin/../lib/gcc/arm-none-eabi/10.3.1/thumb/v7e-m+fp/hard/crtend.o
LOAD c:/st/stm32cubeide_1.10.1/stm32cubeide/plugins/com.st.stm32cube.ide.mcu.externaltools.gnu-tools-for-stm32.10.3-2021.10.win32_1.0.0.202111181127/tools/bin/../lib/gcc/arm-none-eabi/10.3.1/thumb/v7e-m+fp/hard/crtn.o
                0x0000000020020000                _estack = (ORIGIN (RAM) + LENGTH (RAM))
                0x0000000000000200                _Min_Heap_Size = 0x200
                0x0000000000000400                _Min_Stack_Size = 0x400

.isr_vector     0x0000000008000000      0x1c4
                0x0000000008000000                . = ALIGN (0x4)
 *(.isr_vector)
 .isr_vector    0x0000000008000000      0x1c4 ./Core/Startup/startup_stm32f446retx.o
                0x0000000008000000                g_pfnVectors
                0x00000000080001c4                . = ALIGN (0x4)

.text           0x00000000080001c4     0x2540
                0x00000000080001c4                . = ALIGN (0x4)
 *(.text)
 .text          0x00000000080001c4       0x40 c:/st/stm32cubeide_1.10.1/stm32cubeide/plugins/com.st.stm32cube.ide.mcu.externaltools.gnu-tools-for-stm32.10.3-2021.10.win32_1.0.0.202111181127/tools/bin/../lib/gcc/arm-none-eabi/10.3.1/thumb/v7e-m+fp/hard/crtbegin.o
 .text          0x0000000008000204       0x30 c:/st/stm32cubeide_1.10.1/stm32cubeide/plugins/com.st.stm32cube.ide.mcu.externaltools.gnu-tools-for-stm32.10.3-2021.10.win32_1.0.0.202111181127/tools/bin/../lib/gcc/arm-none-eabi/10.3.1/thumb/v7e-m+fp/hard\libgcc.a(_aeabi_uldivmod.o)
                0x0000000008000204                __aeabi_uldivmod
 .text          0x0000000008000234      0x2d0 c:/st/stm32cubeide_1.10.1/stm32cubeide/plugins/com.st.stm32cube.ide.mcu.externaltools.gnu-tools-for-stm32.10.3-2021.10.win32_1.0.0.202111181127/tools/bin/../lib/gcc/arm-none-eabi/10.3.1/thumb/v7e-m+fp/hard\libgcc.a(_udivmoddi4.o)
                0x0000000008000234                __udivmoddi4
 .text          0x0000000008000504        0x4 c:/st/stm32cubeide_1.10.1/stm32cubeide/plugins/com.st.stm32cube.ide.mcu.externaltools.gnu-tools-for-stm32.10.3-2021.10.win32_1.0.0.202111181127/tools/bin/../lib/gcc/arm-none-eabi/10.3.1/thumb/v7e-m+fp/hard\libgcc.a(_dvmd_tls.o)
                0x0000000008000504                __aeabi_idiv0
                0x0000000008000504                __aeabi_ldiv0
 *(.text*)
 .text.m1_set_var_1
                0x0000000008000508       0x20 ./Core/Module_1/Module_1.o
                0x0000000008000508                m1_set_var_1
 .text.m1_set_var_2
                0x0000000008000528       0x20 ./Core/Module_1/Module_1.o
                0x0000000008000528                m1_set_var_2
 .text.m1_set_var_3
                0x0000000008000548       0x20 ./Core/Module_1/Module_1.o
                0x0000000008000548                m1_set_var_3
 .text.m1_set_var_4
                0x0000000008000568       0x20 ./Core/Module_1/Module_1.o
                0x0000000008000568                m1_set_var_4
 .text.m1_set_var_5
                0x0000000008000588       0x24 ./Core/Module_1/Module_1.o
                0x0000000008000588                m1_set_var_5
 .text.m1_process_var_1
                0x00000000080005ac       0x3c ./Core/Module_1/Module_1.o
                0x00000000080005ac                m1_process_var_1
 .text.m1_process_var_2
                0x00000000080005e8       0x44 ./Core/Module_1/Module_1.o
                0x00000000080005e8                m1_process_var_2
 .text.m1_process_var_3
                0x000000000800062c       0x30 ./Core/Module_1/Module_1.o
                0x000000000800062c                m1_process_var_3
 .text.m1_process_var_4
                0x000000000800065c       0x16 ./Core/Module_1/Module_1.o
                0x000000000800065c                m1_process_var_4
 .text.m1_process_var_5
                0x0000000008000672       0x18 ./Core/Module_1/Module_1.o
                0x0000000008000672                m1_process_var_5
 *fill*         0x000000000800068a        0x2 
 .text.module_1_interface_init
                0x000000000800068c       0x14 ./Core/Module_1/Module_1_interface.o
                0x000000000800068c                module_1_interface_init
 .text.module_1_set
                0x00000000080006a0       0x80 ./Core/Module_1/Module_1_interface.o
                0x00000000080006a0                module_1_set
 .text.module_1_request
                0x0000000008000720       0xd4 ./Core/Module_1/Module_1_interface.o
                0x0000000008000720                module_1_request
 .text.system_init
                0x00000000080007f4        0xc ./Core/Module_2/Module_2.o
                0x00000000080007f4                system_init
 .text.system_run
                0x0000000008000800      0x240 ./Core/Module_2/Module_2.o
                0x0000000008000800                system_run
 .text.component_manager_set
                0x0000000008000a40       0x48 ./Core/Nervios_System/Nervious_System.o
                0x0000000008000a40                component_manager_set
 .text.component_manager_get
                0x0000000008000a88       0x48 ./Core/Nervios_System/Nervious_System.o
                0x0000000008000a88                component_manager_get
 .text.component_manager_request
                0x0000000008000ad0       0x48 ./Core/Nervios_System/Nervious_System.o
                0x0000000008000ad0                component_manager_request
 .text.component_manager_attach_node
                0x0000000008000b18       0x38 ./Core/Nervios_System/Nervious_System.o
                0x0000000008000b18                component_manager_attach_node
 .text.main     0x0000000008000b50       0x1e ./Core/Src/main.o
                0x0000000008000b50                main
 *fill*         0x0000000008000b6e        0x2 
 .text.SystemClock_Config
                0x0000000008000b70       0xdc ./Core/Src/main.o
                0x0000000008000b70                SystemClock_Config
 .text.MX_USART2_UART_Init
                0x0000000008000c4c       0x54 ./Core/Src/main.o
 .text.MX_GPIO_Init
                0x0000000008000ca0       0xdc ./Core/Src/main.o
 .text.Error_Handler
                0x0000000008000d7c        0xa ./Core/Src/main.o
                0x0000000008000d7c                Error_Handler
 *fill*         0x0000000008000d86        0x2 
 .text.HAL_MspInit
                0x0000000008000d88       0x50 ./Core/Src/stm32f4xx_hal_msp.o
                0x0000000008000d88                HAL_MspInit
 .text.HAL_UART_MspInit
                0x0000000008000dd8       0x90 ./Core/Src/stm32f4xx_hal_msp.o
                0x0000000008000dd8                HAL_UART_MspInit
 .text.NMI_Handler
                0x0000000008000e68        0x6 ./Core/Src/stm32f4xx_it.o
                0x0000000008000e68                NMI_Handler
 .text.HardFault_Handler
                0x0000000008000e6e        0x6 ./Core/Src/stm32f4xx_it.o
                0x0000000008000e6e                HardFault_Handler
 .text.MemManage_Handler
                0x0000000008000e74        0x6 ./Core/Src/stm32f4xx_it.o
                0x0000000008000e74                MemManage_Handler
 .text.BusFault_Handler
                0x0000000008000e7a        0x6 ./Core/Src/stm32f4xx_it.o
                0x0000000008000e7a                BusFault_Handler
 .text.UsageFault_Handler
                0x0000000008000e80        0x6 ./Core/Src/stm32f4xx_it.o
                0x0000000008000e80                UsageFault_Handler
 .text.SVC_Handler
                0x0000000008000e86        0xe ./Core/Src/stm32f4xx_it.o
                0x0000000008000e86                SVC_Handler
 .text.DebugMon_Handler
                0x0000000008000e94        0xe ./Core/Src/stm32f4xx_it.o
                0x0000000008000e94                DebugMon_Handler
 .text.PendSV_Handler
                0x0000000008000ea2        0xe ./Core/Src/stm32f4xx_it.o
                0x0000000008000ea2                PendSV_Handler
 .text.SysTick_Handler
                0x0000000008000eb0        0xc ./Core/Src/stm32f4xx_it.o
                0x0000000008000eb0                SysTick_Handler
 .text.SystemInit
                0x0000000008000ebc       0x24 ./Core/Src/system_stm32f4xx.o
                0x0000000008000ebc                SystemInit
 .text.Reset_Handler
                0x0000000008000ee0       0x50 ./Core/Startup/startup_stm32f446retx.o
                0x0000000008000ee0                Reset_Handler
 .text.Default_Handler
                0x0000000008000f30        0x2 ./Core/Startup/startup_stm32f446retx.o
                0x0000000008000f30                RTC_Alarm_IRQHandler
                0x0000000008000f30                EXTI2_IRQHandler
                0x0000000008000f30                TIM8_CC_IRQHandler
                0x0000000008000f30                FMPI2C1_EV_IRQHandler
                0x0000000008000f30                SPI4_IRQHandler
                0x0000000008000f30                TIM1_CC_IRQHandler
                0x0000000008000f30                DMA2_Stream5_IRQHandler
                0x0000000008000f30                DMA1_Stream5_IRQHandler
                0x0000000008000f30                PVD_IRQHandler
                0x0000000008000f30                SDIO_IRQHandler
                0x0000000008000f30                TAMP_STAMP_IRQHandler
                0x0000000008000f30                CAN2_RX1_IRQHandler
                0x0000000008000f30                EXTI3_IRQHandler
                0x0000000008000f30                TIM8_TRG_COM_TIM14_IRQHandler
                0x0000000008000f30                TIM1_UP_TIM10_IRQHandler
                0x0000000008000f30                TIM8_UP_TIM13_IRQHandler
                0x0000000008000f30                I2C3_ER_IRQHandler
                0x0000000008000f30                EXTI0_IRQHandler
                0x0000000008000f30                I2C2_EV_IRQHandler
                0x0000000008000f30                DMA1_Stream2_IRQHandler
                0x0000000008000f30                CAN1_RX0_IRQHandler
                0x0000000008000f30                FPU_IRQHandler
                0x0000000008000f30                OTG_HS_WKUP_IRQHandler
                0x0000000008000f30                CAN2_SCE_IRQHandler
                0x0000000008000f30                DMA2_Stream2_IRQHandler
                0x0000000008000f30                SPI1_IRQHandler
                0x0000000008000f30                TIM6_DAC_IRQHandler
                0x0000000008000f30                TIM1_BRK_TIM9_IRQHandler
                0x0000000008000f30                DCMI_IRQHandler
                0x0000000008000f30                CAN2_RX0_IRQHandler
                0x0000000008000f30                DMA2_Stream3_IRQHandler
                0x0000000008000f30                SAI2_IRQHandler
                0x0000000008000f30                USART6_IRQHandler
                0x0000000008000f30                USART3_IRQHandler
                0x0000000008000f30                CAN1_RX1_IRQHandler
                0x0000000008000f30                UART5_IRQHandler
                0x0000000008000f30                DMA2_Stream0_IRQHandler
                0x0000000008000f30                TIM4_IRQHandler
                0x0000000008000f30                QUADSPI_IRQHandler
                0x0000000008000f30                I2C1_EV_IRQHandler
                0x0000000008000f30                DMA1_Stream6_IRQHandler
                0x0000000008000f30                DMA1_Stream1_IRQHandler
                0x0000000008000f30                UART4_IRQHandler
                0x0000000008000f30                TIM3_IRQHandler
                0x0000000008000f30                RCC_IRQHandler
                0x0000000008000f30                TIM8_BRK_TIM12_IRQHandler
                0x0000000008000f30                Default_Handler
                0x0000000008000f30                CEC_IRQHandler
                0x0000000008000f30                EXTI15_10_IRQHandler
                0x0000000008000f30                ADC_IRQHandler
                0x0000000008000f30                DMA1_Stream7_IRQHandler
                0x0000000008000f30                TIM7_IRQHandler
                0x0000000008000f30                CAN2_TX_IRQHandler
                0x0000000008000f30                TIM5_IRQHandler
                0x0000000008000f30                DMA2_Stream7_IRQHandler
                0x0000000008000f30                I2C3_EV_IRQHandler
                0x0000000008000f30                EXTI9_5_IRQHandler
                0x0000000008000f30                RTC_WKUP_IRQHandler
                0x0000000008000f30                SPDIF_RX_IRQHandler
                0x0000000008000f30                SPI2_IRQHandler
                0x0000000008000f30                OTG_HS_EP1_IN_IRQHandler
                0x0000000008000f30                DMA1_Stream0_IRQHandler
                0x0000000008000f30                CAN1_TX_IRQHandler
                0x0000000008000f30                FMPI2C1_ER_IRQHandler
                0x0000000008000f30                EXTI4_IRQHandler
                0x0000000008000f30                OTG_HS_EP1_OUT_IRQHandler
                0x0000000008000f30                WWDG_IRQHandler
                0x0000000008000f30                TIM2_IRQHandler
                0x0000000008000f30                OTG_FS_WKUP_IRQHandler
                0x0000000008000f30                TIM1_TRG_COM_TIM11_IRQHandler
                0x0000000008000f30                OTG_HS_IRQHandler
                0x0000000008000f30                EXTI1_IRQHandler
                0x0000000008000f30                USART2_IRQHandler
                0x0000000008000f30                I2C2_ER_IRQHandler
                0x0000000008000f30                DMA2_Stream1_IRQHandler
                0x0000000008000f30                CAN1_SCE_IRQHandler
                0x0000000008000f30                FLASH_IRQHandler
                0x0000000008000f30                DMA2_Stream4_IRQHandler
                0x0000000008000f30                USART1_IRQHandler
                0x0000000008000f30                OTG_FS_IRQHandler
                0x0000000008000f30                SPI3_IRQHandler
                0x0000000008000f30                DMA1_Stream4_IRQHandler
                0x0000000008000f30                I2C1_ER_IRQHandler
                0x0000000008000f30                FMC_IRQHandler
                0x0000000008000f30                DMA2_Stream6_IRQHandler
                0x0000000008000f30                SAI1_IRQHandler
                0x0000000008000f30                DMA1_Stream3_IRQHandler
 *fill*         0x0000000008000f32        0x2 
 .text.HAL_Init
                0x0000000008000f34       0x44 ./Drivers/STM32F4xx_HAL_Driver/Src/stm32f4xx_hal.o
                0x0000000008000f34                HAL_Init
 .text.HAL_InitTick
                0x0000000008000f78       0x60 ./Drivers/STM32F4xx_HAL_Driver/Src/stm32f4xx_hal.o
                0x0000000008000f78                HAL_InitTick
 .text.HAL_IncTick
                0x0000000008000fd8       0x28 ./Drivers/STM32F4xx_HAL_Driver/Src/stm32f4xx_hal.o
                0x0000000008000fd8                HAL_IncTick
 .text.HAL_GetTick
                0x0000000008001000       0x18 ./Drivers/STM32F4xx_HAL_Driver/Src/stm32f4xx_hal.o
                0x0000000008001000                HAL_GetTick
 .text.__NVIC_SetPriorityGrouping
                0x0000000008001018       0x48 ./Drivers/STM32F4xx_HAL_Driver/Src/stm32f4xx_hal_cortex.o
 .text.__NVIC_GetPriorityGrouping
                0x0000000008001060       0x1c ./Drivers/STM32F4xx_HAL_Driver/Src/stm32f4xx_hal_cortex.o
 .text.__NVIC_SetPriority
                0x000000000800107c       0x54 ./Drivers/STM32F4xx_HAL_Driver/Src/stm32f4xx_hal_cortex.o
 .text.NVIC_EncodePriority
                0x00000000080010d0       0x66 ./Drivers/STM32F4xx_HAL_Driver/Src/stm32f4xx_hal_cortex.o
 *fill*         0x0000000008001136        0x2 
 .text.SysTick_Config
                0x0000000008001138       0x44 ./Drivers/STM32F4xx_HAL_Driver/Src/stm32f4xx_hal_cortex.o
 .text.HAL_NVIC_SetPriorityGrouping
                0x000000000800117c       0x16 ./Drivers/STM32F4xx_HAL_Driver/Src/stm32f4xx_hal_cortex.o
                0x000000000800117c                HAL_NVIC_SetPriorityGrouping
 .text.HAL_NVIC_SetPriority
                0x0000000008001192       0x38 ./Drivers/STM32F4xx_HAL_Driver/Src/stm32f4xx_hal_cortex.o
                0x0000000008001192                HAL_NVIC_SetPriority
 .text.HAL_SYSTICK_Config
                0x00000000080011ca       0x18 ./Drivers/STM32F4xx_HAL_Driver/Src/stm32f4xx_hal_cortex.o
                0x00000000080011ca                HAL_SYSTICK_Config
 *fill*         0x00000000080011e2        0x2 
 .text.HAL_GPIO_Init
                0x00000000080011e4      0x328 ./Drivers/STM32F4xx_HAL_Driver/Src/stm32f4xx_hal_gpio.o
                0x00000000080011e4                HAL_GPIO_Init
 .text.HAL_GPIO_WritePin
                0x000000000800150c       0x32 ./Drivers/STM32F4xx_HAL_Driver/Src/stm32f4xx_hal_gpio.o
                0x000000000800150c                HAL_GPIO_WritePin
 *fill*         0x000000000800153e        0x2 
 .text.HAL_RCC_ClockConfig
                0x0000000008001540      0x1cc ./Drivers/STM32F4xx_HAL_Driver/Src/stm32f4xx_hal_rcc.o
                0x0000000008001540                HAL_RCC_ClockConfig
 .text.HAL_RCC_GetHCLKFreq
                0x000000000800170c       0x18 ./Drivers/STM32F4xx_HAL_Driver/Src/stm32f4xx_hal_rcc.o
                0x000000000800170c                HAL_RCC_GetHCLKFreq
 .text.HAL_RCC_GetPCLK1Freq
                0x0000000008001724       0x28 ./Drivers/STM32F4xx_HAL_Driver/Src/stm32f4xx_hal_rcc.o
                0x0000000008001724                HAL_RCC_GetPCLK1Freq
 .text.HAL_RCC_GetPCLK2Freq
                0x000000000800174c       0x28 ./Drivers/STM32F4xx_HAL_Driver/Src/stm32f4xx_hal_rcc.o
                0x000000000800174c                HAL_RCC_GetPCLK2Freq
 .text.HAL_RCC_GetSysClockFreq
                0x0000000008001774      0x460 ./Drivers/STM32F4xx_HAL_Driver/Src/stm32f4xx_hal_rcc_ex.o
                0x0000000008001774                HAL_RCC_GetSysClockFreq
 .text.HAL_RCC_OscConfig
                0x0000000008001bd4      0x53c ./Drivers/STM32F4xx_HAL_Driver/Src/stm32f4xx_hal_rcc_ex.o
                0x0000000008001bd4                HAL_RCC_OscConfig
 .text.HAL_UART_Init
                0x0000000008002110       0x9a ./Drivers/STM32F4xx_HAL_Driver/Src/stm32f4xx_hal_uart.o
                0x0000000008002110                HAL_UART_Init
 *fill*         0x00000000080021aa        0x2 
 .text.UART_SetConfig
                0x00000000080021ac      0x4e8 ./Drivers/STM32F4xx_HAL_Driver/Src/stm32f4xx_hal_uart.o
 .text.__libc_init_array
                0x0000000008002694       0x48 c:/st/stm32cubeide_1.10.1/stm32cubeide/plugins/com.st.stm32cube.ide.mcu.externaltools.gnu-tools-for-stm32.10.3-2021.10.win32_1.0.0.202111181127/tools/bin/../lib/gcc/arm-none-eabi/10.3.1/../../../../arm-none-eabi/lib/thumb/v7e-m+fp/hard\libc_nano.a(lib_a-init.o)
                0x0000000008002694                __libc_init_array
 .text.memset   0x00000000080026dc       0x10 c:/st/stm32cubeide_1.10.1/stm32cubeide/plugins/com.st.stm32cube.ide.mcu.externaltools.gnu-tools-for-stm32.10.3-2021.10.win32_1.0.0.202111181127/tools/bin/../lib/gcc/arm-none-eabi/10.3.1/../../../../arm-none-eabi/lib/thumb/v7e-m+fp/hard\libc_nano.a(lib_a-memset.o)
                0x00000000080026dc                memset
 *(.glue_7)
 .glue_7        0x00000000080026ec        0x0 linker stubs
 *(.glue_7t)
 .glue_7t       0x00000000080026ec        0x0 linker stubs
 *(.eh_frame)
 .eh_frame      0x00000000080026ec        0x0 c:/st/stm32cubeide_1.10.1/stm32cubeide/plugins/com.st.stm32cube.ide.mcu.externaltools.gnu-tools-for-stm32.10.3-2021.10.win32_1.0.0.202111181127/tools/bin/../lib/gcc/arm-none-eabi/10.3.1/thumb/v7e-m+fp/hard/crtbegin.o
 *(.init)
 .init          0x00000000080026ec        0x4 c:/st/stm32cubeide_1.10.1/stm32cubeide/plugins/com.st.stm32cube.ide.mcu.externaltools.gnu-tools-for-stm32.10.3-2021.10.win32_1.0.0.202111181127/tools/bin/../lib/gcc/arm-none-eabi/10.3.1/thumb/v7e-m+fp/hard/crti.o
                0x00000000080026ec                _init
 .init          0x00000000080026f0        0x8 c:/st/stm32cubeide_1.10.1/stm32cubeide/plugins/com.st.stm32cube.ide.mcu.externaltools.gnu-tools-for-stm32.10.3-2021.10.win32_1.0.0.202111181127/tools/bin/../lib/gcc/arm-none-eabi/10.3.1/thumb/v7e-m+fp/hard/crtn.o
 *(.fini)
 .fini          0x00000000080026f8        0x4 c:/st/stm32cubeide_1.10.1/stm32cubeide/plugins/com.st.stm32cube.ide.mcu.externaltools.gnu-tools-for-stm32.10.3-2021.10.win32_1.0.0.202111181127/tools/bin/../lib/gcc/arm-none-eabi/10.3.1/thumb/v7e-m+fp/hard/crti.o
                0x00000000080026f8                _fini
 .fini          0x00000000080026fc        0x8 c:/st/stm32cubeide_1.10.1/stm32cubeide/plugins/com.st.stm32cube.ide.mcu.externaltools.gnu-tools-for-stm32.10.3-2021.10.win32_1.0.0.202111181127/tools/bin/../lib/gcc/arm-none-eabi/10.3.1/thumb/v7e-m+fp/hard/crtn.o
                0x0000000008002704                . = ALIGN (0x4)
                0x0000000008002704                _etext = .

.vfp11_veneer   0x0000000008002704        0x0
 .vfp11_veneer  0x0000000008002704        0x0 linker stubs

.v4_bx          0x0000000008002704        0x0
 .v4_bx         0x0000000008002704        0x0 linker stubs

.iplt           0x0000000008002704        0x0
 .iplt          0x0000000008002704        0x0 c:/st/stm32cubeide_1.10.1/stm32cubeide/plugins/com.st.stm32cube.ide.mcu.externaltools.gnu-tools-for-stm32.10.3-2021.10.win32_1.0.0.202111181127/tools/bin/../lib/gcc/arm-none-eabi/10.3.1/thumb/v7e-m+fp/hard/crtbegin.o

.rodata         0x0000000008002704       0x18
                0x0000000008002704                . = ALIGN (0x4)
 *(.rodata)
 *(.rodata*)
 .rodata.AHBPrescTable
                0x0000000008002704       0x10 ./Core/Src/system_stm32f4xx.o
                0x0000000008002704                AHBPrescTable
 .rodata.APBPrescTable
                0x0000000008002714        0x8 ./Core/Src/system_stm32f4xx.o
                0x0000000008002714                APBPrescTable
                0x000000000800271c                . = ALIGN (0x4)

.ARM.extab      0x000000000800271c        0x0
                0x000000000800271c                . = ALIGN (0x4)
 *(.ARM.extab* .gnu.linkonce.armextab.*)
                0x000000000800271c                . = ALIGN (0x4)

.ARM            0x000000000800271c        0x8
                0x000000000800271c                . = ALIGN (0x4)
                0x000000000800271c                __exidx_start = .
 *(.ARM.exidx*)
 .ARM.exidx     0x000000000800271c        0x8 c:/st/stm32cubeide_1.10.1/stm32cubeide/plugins/com.st.stm32cube.ide.mcu.externaltools.gnu-tools-for-stm32.10.3-2021.10.win32_1.0.0.202111181127/tools/bin/../lib/gcc/arm-none-eabi/10.3.1/thumb/v7e-m+fp/hard\libgcc.a(_udivmoddi4.o)
                0x0000000008002724                __exidx_end = .
                0x0000000008002724                . = ALIGN (0x4)

.rel.dyn        0x0000000008002724        0x0
 .rel.iplt      0x0000000008002724        0x0 c:/st/stm32cubeide_1.10.1/stm32cubeide/plugins/com.st.stm32cube.ide.mcu.externaltools.gnu-tools-for-stm32.10.3-2021.10.win32_1.0.0.202111181127/tools/bin/../lib/gcc/arm-none-eabi/10.3.1/thumb/v7e-m+fp/hard/crtbegin.o

.preinit_array  0x0000000008002724        0x0
                0x0000000008002724                . = ALIGN (0x4)
                0x0000000008002724                PROVIDE (__preinit_array_start = .)
 *(.preinit_array*)
                0x0000000008002724                PROVIDE (__preinit_array_end = .)
                0x0000000008002724                . = ALIGN (0x4)

.init_array     0x0000000008002724        0x4
                0x0000000008002724                . = ALIGN (0x4)
                0x0000000008002724                PROVIDE (__init_array_start = .)
 *(SORT_BY_NAME(.init_array.*))
 *(.init_array*)
 .init_array    0x0000000008002724        0x4 c:/st/stm32cubeide_1.10.1/stm32cubeide/plugins/com.st.stm32cube.ide.mcu.externaltools.gnu-tools-for-stm32.10.3-2021.10.win32_1.0.0.202111181127/tools/bin/../lib/gcc/arm-none-eabi/10.3.1/thumb/v7e-m+fp/hard/crtbegin.o
                0x0000000008002728                PROVIDE (__init_array_end = .)
                0x0000000008002728                . = ALIGN (0x4)

.fini_array     0x0000000008002728        0x4
                0x0000000008002728                . = ALIGN (0x4)
                [!provide]                        PROVIDE (__fini_array_start = .)
 *(SORT_BY_NAME(.fini_array.*))
 *(.fini_array*)
 .fini_array    0x0000000008002728        0x4 c:/st/stm32cubeide_1.10.1/stm32cubeide/plugins/com.st.stm32cube.ide.mcu.externaltools.gnu-tools-for-stm32.10.3-2021.10.win32_1.0.0.202111181127/tools/bin/../lib/gcc/arm-none-eabi/10.3.1/thumb/v7e-m+fp/hard/crtbegin.o
                [!provide]                        PROVIDE (__fini_array_end = .)
                0x000000000800272c                . = ALIGN (0x4)
                0x000000000800272c                _sidata = LOADADDR (.data)

.data           0x0000000020000000       0x18 load address 0x000000000800272c
                0x0000000020000000                . = ALIGN (0x4)
                0x0000000020000000                _sdata = .
 *(.data)
 *(.data*)
 .data.module_1_node
                0x0000000020000000        0xc ./Core/Module_1/Module_1_interface.o
                0x0000000020000000                module_1_node
 .data.SystemCoreClock
                0x000000002000000c        0x4 ./Core/Src/system_stm32f4xx.o
                0x000000002000000c                SystemCoreClock
 .data.uwTickPrio
                0x0000000020000010        0x4 ./Drivers/STM32F4xx_HAL_Driver/Src/stm32f4xx_hal.o
                0x0000000020000010                uwTickPrio
 .data.uwTickFreq
                0x0000000020000014        0x1 ./Drivers/STM32F4xx_HAL_Driver/Src/stm32f4xx_hal.o
                0x0000000020000014                uwTickFreq
 *(.RamFunc)
 *(.RamFunc*)
                0x0000000020000018                . = ALIGN (0x4)
 *fill*         0x0000000020000015        0x3 
                0x0000000020000018                _edata = .

.igot.plt       0x0000000020000018        0x0 load address 0x0000000008002744
 .igot.plt      0x0000000020000018        0x0 c:/st/stm32cubeide_1.10.1/stm32cubeide/plugins/com.st.stm32cube.ide.mcu.externaltools.gnu-tools-for-stm32.10.3-2021.10.win32_1.0.0.202111181127/tools/bin/../lib/gcc/arm-none-eabi/10.3.1/thumb/v7e-m+fp/hard/crtbegin.o
                0x0000000020000018                . = ALIGN (0x4)

.bss            0x0000000020000018       0xa4 load address 0x0000000008002744
                0x0000000020000018                _sbss = .
                0x0000000020000018                __bss_start__ = _sbss
 *(.bss)
 .bss           0x0000000020000018       0x1c c:/st/stm32cubeide_1.10.1/stm32cubeide/plugins/com.st.stm32cube.ide.mcu.externaltools.gnu-tools-for-stm32.10.3-2021.10.win32_1.0.0.202111181127/tools/bin/../lib/gcc/arm-none-eabi/10.3.1/thumb/v7e-m+fp/hard/crtbegin.o
 *(.bss*)
 .bss.var_1     0x0000000020000034        0x4 ./Core/Module_1/Module_1.o
                0x0000000020000034                var_1
 .bss.var_2     0x0000000020000038        0x1 ./Core/Module_1/Module_1.o
                0x0000000020000038                var_2
 *fill*         0x0000000020000039        0x3 
 .bss.var_3     0x000000002000003c        0x4 ./Core/Module_1/Module_1.o
                0x000000002000003c                var_3
 .bss.var_4     0x0000000020000040        0x1 ./Core/Module_1/Module_1.o
                0x0000000020000040                var_4
 *fill*         0x0000000020000041        0x7 
 .bss.var_5     0x0000000020000048        0x8 ./Core/Module_1/Module_1.o
                0x0000000020000048                var_5
 .bss.int1      0x0000000020000050        0x4 ./Core/Module_2/Module_2.o
                0x0000000020000050                int1
 .bss.int2      0x0000000020000054        0x4 ./Core/Module_2/Module_2.o
                0x0000000020000054                int2
 .bss.ret       0x0000000020000058        0x1 ./Core/Module_2/Module_2.o
                0x0000000020000058                ret
 .bss.char1     0x0000000020000059        0x1 ./Core/Module_2/Module_2.o
                0x0000000020000059                char1
 .bss.char2     0x000000002000005a        0x1 ./Core/Module_2/Module_2.o
                0x000000002000005a                char2
 *fill*         0x000000002000005b        0x1 
 .bss.float1    0x000000002000005c        0x4 ./Core/Module_2/Module_2.o
                0x000000002000005c                float1
 .bss.double1   0x0000000020000060        0x8 ./Core/Module_2/Module_2.o
                0x0000000020000060                double1
 .bss.reet      0x0000000020000068        0x4 ./Core/Module_2/Module_2.o
                0x0000000020000068                reet
 .bss.Node      0x000000002000006c        0x8 ./Core/Nervios_System/Nervious_System.o
                0x000000002000006c                Node
 .bss.huart2    0x0000000020000074       0x44 ./Core/Src/main.o
                0x0000000020000074                huart2
 .bss.uwTick    0x00000000200000b8        0x4 ./Drivers/STM32F4xx_HAL_Driver/Src/stm32f4xx_hal.o
                0x00000000200000b8                uwTick
 *(COMMON)
                0x00000000200000bc                . = ALIGN (0x4)
                0x00000000200000bc                _ebss = .
                0x00000000200000bc                __bss_end__ = _ebss

._user_heap_stack
                0x00000000200000bc      0x604 load address 0x0000000008002744
                0x00000000200000c0                . = ALIGN (0x8)
 *fill*         0x00000000200000bc        0x4 
                [!provide]                        PROVIDE (end = .)
                0x00000000200000c0                PROVIDE (_end = .)
                0x00000000200002c0                . = (. + _Min_Heap_Size)
 *fill*         0x00000000200000c0      0x200 
                0x00000000200006c0                . = (. + _Min_Stack_Size)
 *fill*         0x00000000200002c0      0x400 
                0x00000000200006c0                . = ALIGN (0x8)

/DISCARD/
 libc.a(*)
 libm.a(*)
 libgcc.a(*)

.ARM.attributes
                0x0000000000000000       0x30
 *(.ARM.attributes)
 .ARM.attributes
                0x0000000000000000       0x1e c:/st/stm32cubeide_1.10.1/stm32cubeide/plugins/com.st.stm32cube.ide.mcu.externaltools.gnu-tools-for-stm32.10.3-2021.10.win32_1.0.0.202111181127/tools/bin/../lib/gcc/arm-none-eabi/10.3.1/thumb/v7e-m+fp/hard/crti.o
 .ARM.attributes
                0x000000000000001e       0x34 c:/st/stm32cubeide_1.10.1/stm32cubeide/plugins/com.st.stm32cube.ide.mcu.externaltools.gnu-tools-for-stm32.10.3-2021.10.win32_1.0.0.202111181127/tools/bin/../lib/gcc/arm-none-eabi/10.3.1/thumb/v7e-m+fp/hard/crtbegin.o
 .ARM.attributes
                0x0000000000000052       0x34 ./Core/Module_1/Module_1.o
 .ARM.attributes
                0x0000000000000086       0x34 ./Core/Module_1/Module_1_interface.o
 .ARM.attributes
                0x00000000000000ba       0x34 ./Core/Module_2/Module_2.o
 .ARM.attributes
                0x00000000000000ee       0x34 ./Core/Nervios_System/Nervious_System.o
 .ARM.attributes
                0x0000000000000122       0x34 ./Core/Src/main.o
 .ARM.attributes
                0x0000000000000156       0x34 ./Core/Src/stm32f4xx_hal_msp.o
 .ARM.attributes
                0x000000000000018a       0x34 ./Core/Src/stm32f4xx_it.o
 .ARM.attributes
                0x00000000000001be       0x34 ./Core/Src/system_stm32f4xx.o
 .ARM.attributes
                0x00000000000001f2       0x21 ./Core/Startup/startup_stm32f446retx.o
 .ARM.attributes
                0x0000000000000213       0x34 ./Drivers/STM32F4xx_HAL_Driver/Src/stm32f4xx_hal.o
 .ARM.attributes
                0x0000000000000247       0x34 ./Drivers/STM32F4xx_HAL_Driver/Src/stm32f4xx_hal_cortex.o
 .ARM.attributes
                0x000000000000027b       0x34 ./Drivers/STM32F4xx_HAL_Driver/Src/stm32f4xx_hal_gpio.o
 .ARM.attributes
                0x00000000000002af       0x34 ./Drivers/STM32F4xx_HAL_Driver/Src/stm32f4xx_hal_rcc.o
 .ARM.attributes
                0x00000000000002e3       0x34 ./Drivers/STM32F4xx_HAL_Driver/Src/stm32f4xx_hal_rcc_ex.o
 .ARM.attributes
                0x0000000000000317       0x34 ./Drivers/STM32F4xx_HAL_Driver/Src/stm32f4xx_hal_uart.o
 .ARM.attributes
                0x000000000000034b       0x34 c:/st/stm32cubeide_1.10.1/stm32cubeide/plugins/com.st.stm32cube.ide.mcu.externaltools.gnu-tools-for-stm32.10.3-2021.10.win32_1.0.0.202111181127/tools/bin/../lib/gcc/arm-none-eabi/10.3.1/../../../../arm-none-eabi/lib/thumb/v7e-m+fp/hard\libc_nano.a(lib_a-init.o)
 .ARM.attributes
                0x000000000000037f       0x34 c:/st/stm32cubeide_1.10.1/stm32cubeide/plugins/com.st.stm32cube.ide.mcu.externaltools.gnu-tools-for-stm32.10.3-2021.10.win32_1.0.0.202111181127/tools/bin/../lib/gcc/arm-none-eabi/10.3.1/../../../../arm-none-eabi/lib/thumb/v7e-m+fp/hard\libc_nano.a(lib_a-memset.o)
 .ARM.attributes
                0x00000000000003b3       0x1e c:/st/stm32cubeide_1.10.1/stm32cubeide/plugins/com.st.stm32cube.ide.mcu.externaltools.gnu-tools-for-stm32.10.3-2021.10.win32_1.0.0.202111181127/tools/bin/../lib/gcc/arm-none-eabi/10.3.1/thumb/v7e-m+fp/hard\libgcc.a(_aeabi_uldivmod.o)
 .ARM.attributes
                0x00000000000003d1       0x34 c:/st/stm32cubeide_1.10.1/stm32cubeide/plugins/com.st.stm32cube.ide.mcu.externaltools.gnu-tools-for-stm32.10.3-2021.10.win32_1.0.0.202111181127/tools/bin/../lib/gcc/arm-none-eabi/10.3.1/thumb/v7e-m+fp/hard\libgcc.a(_udivmoddi4.o)
 .ARM.attributes
                0x0000000000000405       0x1e c:/st/stm32cubeide_1.10.1/stm32cubeide/plugins/com.st.stm32cube.ide.mcu.externaltools.gnu-tools-for-stm32.10.3-2021.10.win32_1.0.0.202111181127/tools/bin/../lib/gcc/arm-none-eabi/10.3.1/thumb/v7e-m+fp/hard\libgcc.a(_dvmd_tls.o)
 .ARM.attributes
                0x0000000000000423       0x1e c:/st/stm32cubeide_1.10.1/stm32cubeide/plugins/com.st.stm32cube.ide.mcu.externaltools.gnu-tools-for-stm32.10.3-2021.10.win32_1.0.0.202111181127/tools/bin/../lib/gcc/arm-none-eabi/10.3.1/thumb/v7e-m+fp/hard/crtn.o
OUTPUT(nervious_system_model.elf elf32-littlearm)
LOAD linker stubs
LOAD c:/st/stm32cubeide_1.10.1/stm32cubeide/plugins/com.st.stm32cube.ide.mcu.externaltools.gnu-tools-for-stm32.10.3-2021.10.win32_1.0.0.202111181127/tools/bin/../lib/gcc/arm-none-eabi/10.3.1/../../../../arm-none-eabi/lib/thumb/v7e-m+fp/hard\libc.a
LOAD c:/st/stm32cubeide_1.10.1/stm32cubeide/plugins/com.st.stm32cube.ide.mcu.externaltools.gnu-tools-for-stm32.10.3-2021.10.win32_1.0.0.202111181127/tools/bin/../lib/gcc/arm-none-eabi/10.3.1/../../../../arm-none-eabi/lib/thumb/v7e-m+fp/hard\libm.a
LOAD c:/st/stm32cubeide_1.10.1/stm32cubeide/plugins/com.st.stm32cube.ide.mcu.externaltools.gnu-tools-for-stm32.10.3-2021.10.win32_1.0.0.202111181127/tools/bin/../lib/gcc/arm-none-eabi/10.3.1/thumb/v7e-m+fp/hard\libgcc.a

.debug_info     0x0000000000000000     0x9458
 .debug_info    0x0000000000000000      0x351 ./Core/Module_1/Module_1.o
 .debug_info    0x0000000000000351      0x425 ./Core/Module_1/Module_1_interface.o
 .debug_info    0x0000000000000776      0x7bb ./Core/Module_2/Module_2.o
 .debug_info    0x0000000000000f31      0x322 ./Core/Nervios_System/Nervious_System.o
 .debug_info    0x0000000000001253      0xc95 ./Core/Src/main.o
 .debug_info    0x0000000000001ee8      0x9b6 ./Core/Src/stm32f4xx_hal_msp.o
 .debug_info    0x000000000000289e      0x121 ./Core/Src/stm32f4xx_it.o
 .debug_info    0x00000000000029bf      0x55b ./Core/Src/system_stm32f4xx.o
 .debug_info    0x0000000000002f1a       0x22 ./Core/Startup/startup_stm32f446retx.o
 .debug_info    0x0000000000002f3c      0x9d2 ./Drivers/STM32F4xx_HAL_Driver/Src/stm32f4xx_hal.o
 .debug_info    0x000000000000390e      0xe39 ./Drivers/STM32F4xx_HAL_Driver/Src/stm32f4xx_hal_cortex.o
 .debug_info    0x0000000000004747      0x7be ./Drivers/STM32F4xx_HAL_Driver/Src/stm32f4xx_hal_gpio.o
 .debug_info    0x0000000000004f05      0x9ab ./Drivers/STM32F4xx_HAL_Driver/Src/stm32f4xx_hal_rcc.o
 .debug_info    0x00000000000058b0      0x9ec ./Drivers/STM32F4xx_HAL_Driver/Src/stm32f4xx_hal_rcc_ex.o
 .debug_info    0x000000000000629c     0x31bc ./Drivers/STM32F4xx_HAL_Driver/Src/stm32f4xx_hal_uart.o

.debug_abbrev   0x0000000000000000     0x18a8
 .debug_abbrev  0x0000000000000000       0x94 ./Core/Module_1/Module_1.o
 .debug_abbrev  0x0000000000000094      0x142 ./Core/Module_1/Module_1_interface.o
 .debug_abbrev  0x00000000000001d6      0x169 ./Core/Module_2/Module_2.o
 .debug_abbrev  0x000000000000033f      0x14a ./Core/Nervios_System/Nervious_System.o
 .debug_abbrev  0x0000000000000489      0x253 ./Core/Src/main.o
 .debug_abbrev  0x00000000000006dc      0x1b0 ./Core/Src/stm32f4xx_hal_msp.o
 .debug_abbrev  0x000000000000088c       0x74 ./Core/Src/stm32f4xx_it.o
 .debug_abbrev  0x0000000000000900      0x116 ./Core/Src/system_stm32f4xx.o
 .debug_abbrev  0x0000000000000a16       0x12 ./Core/Startup/startup_stm32f446retx.o
 .debug_abbrev  0x0000000000000a28      0x20d ./Drivers/STM32F4xx_HAL_Driver/Src/stm32f4xx_hal.o
 .debug_abbrev  0x0000000000000c35      0x316 ./Drivers/STM32F4xx_HAL_Driver/Src/stm32f4xx_hal_cortex.o
 .debug_abbrev  0x0000000000000f4b      0x1c4 ./Drivers/STM32F4xx_HAL_Driver/Src/stm32f4xx_hal_gpio.o
 .debug_abbrev  0x000000000000110f      0x2aa ./Drivers/STM32F4xx_HAL_Driver/Src/stm32f4xx_hal_rcc.o
 .debug_abbrev  0x00000000000013b9      0x1fb ./Drivers/STM32F4xx_HAL_Driver/Src/stm32f4xx_hal_rcc_ex.o
 .debug_abbrev  0x00000000000015b4      0x2f4 ./Drivers/STM32F4xx_HAL_Driver/Src/stm32f4xx_hal_uart.o

.debug_aranges  0x0000000000000000      0x7a8
 .debug_aranges
                0x0000000000000000       0x90 ./Core/Module_1/Module_1.o
 .debug_aranges
                0x0000000000000090       0x38 ./Core/Module_1/Module_1_interface.o
 .debug_aranges
                0x00000000000000c8       0x28 ./Core/Module_2/Module_2.o
 .debug_aranges
                0x00000000000000f0       0x38 ./Core/Nervios_System/Nervious_System.o
 .debug_aranges
                0x0000000000000128       0x40 ./Core/Src/main.o
 .debug_aranges
                0x0000000000000168       0x30 ./Core/Src/stm32f4xx_hal_msp.o
 .debug_aranges
                0x0000000000000198       0x60 ./Core/Src/stm32f4xx_it.o
 .debug_aranges
                0x00000000000001f8       0x28 ./Core/Src/system_stm32f4xx.o
 .debug_aranges
                0x0000000000000220       0x28 ./Core/Startup/startup_stm32f446retx.o
 .debug_aranges
                0x0000000000000248       0xf0 ./Drivers/STM32F4xx_HAL_Driver/Src/stm32f4xx_hal.o
 .debug_aranges
                0x0000000000000338      0x118 ./Drivers/STM32F4xx_HAL_Driver/Src/stm32f4xx_hal_cortex.o
 .debug_aranges
                0x0000000000000450       0x58 ./Drivers/STM32F4xx_HAL_Driver/Src/stm32f4xx_hal_gpio.o
 .debug_aranges
                0x00000000000004a8       0x88 ./Drivers/STM32F4xx_HAL_Driver/Src/stm32f4xx_hal_rcc.o
 .debug_aranges
                0x0000000000000530       0x78 ./Drivers/STM32F4xx_HAL_Driver/Src/stm32f4xx_hal_rcc_ex.o
 .debug_aranges
                0x00000000000005a8      0x200 ./Drivers/STM32F4xx_HAL_Driver/Src/stm32f4xx_hal_uart.o

.debug_ranges   0x0000000000000000      0x6f0
 .debug_ranges  0x0000000000000000       0x80 ./Core/Module_1/Module_1.o
 .debug_ranges  0x0000000000000080       0x28 ./Core/Module_1/Module_1_interface.o
 .debug_ranges  0x00000000000000a8       0x18 ./Core/Module_2/Module_2.o
 .debug_ranges  0x00000000000000c0       0x28 ./Core/Nervios_System/Nervious_System.o
 .debug_ranges  0x00000000000000e8       0x30 ./Core/Src/main.o
 .debug_ranges  0x0000000000000118       0x20 ./Core/Src/stm32f4xx_hal_msp.o
 .debug_ranges  0x0000000000000138       0x50 ./Core/Src/stm32f4xx_it.o
 .debug_ranges  0x0000000000000188       0x18 ./Core/Src/system_stm32f4xx.o
 .debug_ranges  0x00000000000001a0       0x20 ./Core/Startup/startup_stm32f446retx.o
 .debug_ranges  0x00000000000001c0       0xe0 ./Drivers/STM32F4xx_HAL_Driver/Src/stm32f4xx_hal.o
 .debug_ranges  0x00000000000002a0      0x108 ./Drivers/STM32F4xx_HAL_Driver/Src/stm32f4xx_hal_cortex.o
 .debug_ranges  0x00000000000003a8       0x48 ./Drivers/STM32F4xx_HAL_Driver/Src/stm32f4xx_hal_gpio.o
 .debug_ranges  0x00000000000003f0       0x78 ./Drivers/STM32F4xx_HAL_Driver/Src/stm32f4xx_hal_rcc.o
 .debug_ranges  0x0000000000000468       0x68 ./Drivers/STM32F4xx_HAL_Driver/Src/stm32f4xx_hal_rcc_ex.o
 .debug_ranges  0x00000000000004d0      0x220 ./Drivers/STM32F4xx_HAL_Driver/Src/stm32f4xx_hal_uart.o

.debug_macro    0x0000000000000000    0x2042e
 .debug_macro   0x0000000000000000       0x1b ./Core/Module_1/Module_1.o
 .debug_macro   0x000000000000001b      0xa78 ./Core/Module_1/Module_1.o
 .debug_macro   0x0000000000000a93       0x4b ./Core/Module_1/Module_1_interface.o
 .debug_macro   0x0000000000000ade      0x1d8 ./Core/Module_1/Module_1_interface.o
 .debug_macro   0x0000000000000cb6       0x10 ./Core/Module_1/Module_1_interface.o
 .debug_macro   0x0000000000000cc6       0x4b ./Core/Module_2/Module_2.o
 .debug_macro   0x0000000000000d11       0x33 ./Core/Nervios_System/Nervious_System.o
 .debug_macro   0x0000000000000d44      0x203 ./Core/Src/main.o
 .debug_macro   0x0000000000000f47      0x295 ./Core/Src/main.o
 .debug_macro   0x00000000000011dc       0x2e ./Core/Src/main.o
 .debug_macro   0x000000000000120a       0x28 ./Core/Src/main.o
 .debug_macro   0x0000000000001232       0x22 ./Core/Src/main.o
 .debug_macro   0x0000000000001254       0x8e ./Core/Src/main.o
 .debug_macro   0x00000000000012e2       0x51 ./Core/Src/main.o
 .debug_macro   0x0000000000001333      0x103 ./Core/Src/main.o
 .debug_macro   0x0000000000001436       0x6a ./Core/Src/main.o
 .debug_macro   0x00000000000014a0      0x1df ./Core/Src/main.o
 .debug_macro   0x000000000000167f       0x1c ./Core/Src/main.o
 .debug_macro   0x000000000000169b       0x22 ./Core/Src/main.o
 .debug_macro   0x00000000000016bd       0xd9 ./Core/Src/main.o
 .debug_macro   0x0000000000001796     0x102d ./Core/Src/main.o
 .debug_macro   0x00000000000027c3      0x11f ./Core/Src/main.o
 .debug_macro   0x00000000000028e2    0x16749 ./Core/Src/main.o
 .debug_macro   0x000000000001902b       0x6d ./Core/Src/main.o
 .debug_macro   0x0000000000019098     0x367e ./Core/Src/main.o
 .debug_macro   0x000000000001c716      0x174 ./Core/Src/main.o
 .debug_macro   0x000000000001c88a       0x5c ./Core/Src/main.o
 .debug_macro   0x000000000001c8e6      0xc90 ./Core/Src/main.o
 .debug_macro   0x000000000001d576      0x9fe ./Core/Src/main.o
 .debug_macro   0x000000000001df74      0x115 ./Core/Src/main.o
 .debug_macro   0x000000000001e089      0x1a0 ./Core/Src/main.o
 .debug_macro   0x000000000001e229       0xa5 ./Core/Src/main.o
 .debug_macro   0x000000000001e2ce      0x16d ./Core/Src/main.o
 .debug_macro   0x000000000001e43b      0x287 ./Core/Src/main.o
 .debug_macro   0x000000000001e6c2       0x5f ./Core/Src/main.o
 .debug_macro   0x000000000001e721      0x236 ./Core/Src/main.o
 .debug_macro   0x000000000001e957      0x132 ./Core/Src/main.o
 .debug_macro   0x000000000001ea89      0x29c ./Core/Src/main.o
 .debug_macro   0x000000000001ed25       0x2e ./Core/Src/main.o
 .debug_macro   0x000000000001ed53      0x11a ./Core/Src/main.o
 .debug_macro   0x000000000001ee6d       0xe8 ./Core/Src/main.o
 .debug_macro   0x000000000001ef55       0x89 ./Core/Src/main.o
 .debug_macro   0x000000000001efde      0x295 ./Core/Src/main.o
 .debug_macro   0x000000000001f273      0x126 ./Core/Src/main.o
 .debug_macro   0x000000000001f399       0x58 ./Core/Src/main.o
 .debug_macro   0x000000000001f3f1      0x1c9 ./Core/Src/stm32f4xx_hal_msp.o
 .debug_macro   0x000000000001f5ba      0x1d3 ./Core/Src/stm32f4xx_it.o
 .debug_macro   0x000000000001f78d      0x1ba ./Core/Src/system_stm32f4xx.o
 .debug_macro   0x000000000001f947      0x21a ./Drivers/STM32F4xx_HAL_Driver/Src/stm32f4xx_hal.o
 .debug_macro   0x000000000001fb61      0x1ba ./Drivers/STM32F4xx_HAL_Driver/Src/stm32f4xx_hal_cortex.o
 .debug_macro   0x000000000001fd1b      0x1c0 ./Drivers/STM32F4xx_HAL_Driver/Src/stm32f4xx_hal_gpio.o
 .debug_macro   0x000000000001fedb      0x1de ./Drivers/STM32F4xx_HAL_Driver/Src/stm32f4xx_hal_rcc.o
 .debug_macro   0x00000000000200b9      0x1ba ./Drivers/STM32F4xx_HAL_Driver/Src/stm32f4xx_hal_rcc_ex.o
 .debug_macro   0x0000000000020273      0x1bb ./Drivers/STM32F4xx_HAL_Driver/Src/stm32f4xx_hal_uart.o

.debug_line     0x0000000000000000     0x913d
 .debug_line    0x0000000000000000      0x1c4 ./Core/Module_1/Module_1.o
 .debug_line    0x00000000000001c4      0x220 ./Core/Module_1/Module_1_interface.o
 .debug_line    0x00000000000003e4      0x1f2 ./Core/Module_2/Module_2.o
 .debug_line    0x00000000000005d6      0x144 ./Core/Nervios_System/Nervious_System.o
 .debug_line    0x000000000000071a      0x96f ./Core/Src/main.o
 .debug_line    0x0000000000001089      0x6d8 ./Core/Src/stm32f4xx_hal_msp.o
 .debug_line    0x0000000000001761      0x74d ./Core/Src/stm32f4xx_it.o
 .debug_line    0x0000000000001eae      0x70c ./Core/Src/system_stm32f4xx.o
 .debug_line    0x00000000000025ba       0x88 ./Core/Startup/startup_stm32f446retx.o
 .debug_line    0x0000000000002642      0x972 ./Drivers/STM32F4xx_HAL_Driver/Src/stm32f4xx_hal.o
 .debug_line    0x0000000000002fb4      0xc21 ./Drivers/STM32F4xx_HAL_Driver/Src/stm32f4xx_hal_cortex.o
 .debug_line    0x0000000000003bd5      0xad2 ./Drivers/STM32F4xx_HAL_Driver/Src/stm32f4xx_hal_gpio.o
 .debug_line    0x00000000000046a7      0xcfa ./Drivers/STM32F4xx_HAL_Driver/Src/stm32f4xx_hal_rcc.o
 .debug_line    0x00000000000053a1     0x1385 ./Drivers/STM32F4xx_HAL_Driver/Src/stm32f4xx_hal_rcc_ex.o
 .debug_line    0x0000000000006726     0x2a17 ./Drivers/STM32F4xx_HAL_Driver/Src/stm32f4xx_hal_uart.o

.debug_str      0x0000000000000000    0xc5f34
 .debug_str     0x0000000000000000     0x2e41 ./Core/Module_1/Module_1.o
                                       0x2e6b (size before relaxing)
 .debug_str     0x0000000000002e41     0x1593 ./Core/Module_1/Module_1_interface.o
                                       0x4410 (size before relaxing)
 .debug_str     0x00000000000043d4      0x51b ./Core/Module_2/Module_2.o
                                       0x4766 (size before relaxing)
 .debug_str     0x00000000000048ef       0x58 ./Core/Nervios_System/Nervious_System.o
                                       0x42fe (size before relaxing)
 .debug_str     0x0000000000004947    0xbf85a ./Core/Src/main.o
                                      0xc3c91 (size before relaxing)
 .debug_str     0x00000000000c41a1       0x83 ./Core/Src/stm32f4xx_hal_msp.o
                                      0xc2679 (size before relaxing)
 .debug_str     0x00000000000c4224       0xc9 ./Core/Src/stm32f4xx_it.o
                                      0xc20c6 (size before relaxing)
 .debug_str     0x00000000000c42ed       0xdb ./Core/Src/system_stm32f4xx.o
                                      0xc20ef (size before relaxing)
 .debug_str     0x00000000000c43c8       0x36 ./Core/Startup/startup_stm32f446retx.o
                                         0xb7 (size before relaxing)
 .debug_str     0x00000000000c43fe      0xb1b ./Drivers/STM32F4xx_HAL_Driver/Src/stm32f4xx_hal.o
                                      0xc2cb4 (size before relaxing)
 .debug_str     0x00000000000c4f19      0x354 ./Drivers/STM32F4xx_HAL_Driver/Src/stm32f4xx_hal_cortex.o
                                      0xc29c2 (size before relaxing)
 .debug_str     0x00000000000c526d      0x121 ./Drivers/STM32F4xx_HAL_Driver/Src/stm32f4xx_hal_gpio.o
                                      0xc226a (size before relaxing)
 .debug_str     0x00000000000c538e      0x233 ./Drivers/STM32F4xx_HAL_Driver/Src/stm32f4xx_hal_rcc.o
                                      0xc2528 (size before relaxing)
 .debug_str     0x00000000000c55c1      0x324 ./Drivers/STM32F4xx_HAL_Driver/Src/stm32f4xx_hal_rcc_ex.o
                                      0xc255b (size before relaxing)
 .debug_str     0x00000000000c58e5      0x64f ./Drivers/STM32F4xx_HAL_Driver/Src/stm32f4xx_hal_uart.o
                                      0xc2a9d (size before relaxing)

.comment        0x0000000000000000       0x50
 .comment       0x0000000000000000       0x50 ./Core/Module_1/Module_1.o
                                         0x51 (size before relaxing)
 .comment       0x0000000000000050       0x51 ./Core/Module_1/Module_1_interface.o
 .comment       0x0000000000000050       0x51 ./Core/Module_2/Module_2.o
 .comment       0x0000000000000050       0x51 ./Core/Nervios_System/Nervious_System.o
 .comment       0x0000000000000050       0x51 ./Core/Src/main.o
 .comment       0x0000000000000050       0x51 ./Core/Src/stm32f4xx_hal_msp.o
 .comment       0x0000000000000050       0x51 ./Core/Src/stm32f4xx_it.o
 .comment       0x0000000000000050       0x51 ./Core/Src/system_stm32f4xx.o
 .comment       0x0000000000000050       0x51 ./Drivers/STM32F4xx_HAL_Driver/Src/stm32f4xx_hal.o
 .comment       0x0000000000000050       0x51 ./Drivers/STM32F4xx_HAL_Driver/Src/stm32f4xx_hal_cortex.o
 .comment       0x0000000000000050       0x51 ./Drivers/STM32F4xx_HAL_Driver/Src/stm32f4xx_hal_gpio.o
 .comment       0x0000000000000050       0x51 ./Drivers/STM32F4xx_HAL_Driver/Src/stm32f4xx_hal_rcc.o
 .comment       0x0000000000000050       0x51 ./Drivers/STM32F4xx_HAL_Driver/Src/stm32f4xx_hal_rcc_ex.o
 .comment       0x0000000000000050       0x51 ./Drivers/STM32F4xx_HAL_Driver/Src/stm32f4xx_hal_uart.o

.debug_frame    0x0000000000000000     0x1d88
 .debug_frame   0x0000000000000000      0x268 ./Core/Module_1/Module_1.o
 .debug_frame   0x0000000000000268       0x9c ./Core/Module_1/Module_1_interface.o
 .debug_frame   0x0000000000000304       0x54 ./Core/Module_2/Module_2.o
 .debug_frame   0x0000000000000358       0xa4 ./Core/Nervios_System/Nervious_System.o
 .debug_frame   0x00000000000003fc       0xa8 ./Core/Src/main.o
 .debug_frame   0x00000000000004a4       0x7c ./Core/Src/stm32f4xx_hal_msp.o
 .debug_frame   0x0000000000000520      0x104 ./Core/Src/stm32f4xx_it.o
 .debug_frame   0x0000000000000624       0x58 ./Core/Src/system_stm32f4xx.o
 .debug_frame   0x000000000000067c      0x374 ./Drivers/STM32F4xx_HAL_Driver/Src/stm32f4xx_hal.o
 .debug_frame   0x00000000000009f0      0x498 ./Drivers/STM32F4xx_HAL_Driver/Src/stm32f4xx_hal_cortex.o
 .debug_frame   0x0000000000000e88      0x14c ./Drivers/STM32F4xx_HAL_Driver/Src/stm32f4xx_hal_gpio.o
 .debug_frame   0x0000000000000fd4      0x1f4 ./Drivers/STM32F4xx_HAL_Driver/Src/stm32f4xx_hal_rcc.o
 .debug_frame   0x00000000000011c8      0x1e8 ./Drivers/STM32F4xx_HAL_Driver/Src/stm32f4xx_hal_rcc_ex.o
 .debug_frame   0x00000000000013b0      0x92c ./Drivers/STM32F4xx_HAL_Driver/Src/stm32f4xx_hal_uart.o
 .debug_frame   0x0000000000001cdc       0x2c c:/st/stm32cubeide_1.10.1/stm32cubeide/plugins/com.st.stm32cube.ide.mcu.externaltools.gnu-tools-for-stm32.10.3-2021.10.win32_1.0.0.202111181127/tools/bin/../lib/gcc/arm-none-eabi/10.3.1/../../../../arm-none-eabi/lib/thumb/v7e-m+fp/hard\libc_nano.a(lib_a-init.o)
 .debug_frame   0x0000000000001d08       0x20 c:/st/stm32cubeide_1.10.1/stm32cubeide/plugins/com.st.stm32cube.ide.mcu.externaltools.gnu-tools-for-stm32.10.3-2021.10.win32_1.0.0.202111181127/tools/bin/../lib/gcc/arm-none-eabi/10.3.1/../../../../arm-none-eabi/lib/thumb/v7e-m+fp/hard\libc_nano.a(lib_a-memset.o)
 .debug_frame   0x0000000000001d28       0x2c c:/st/stm32cubeide_1.10.1/stm32cubeide/plugins/com.st.stm32cube.ide.mcu.externaltools.gnu-tools-for-stm32.10.3-2021.10.win32_1.0.0.202111181127/tools/bin/../lib/gcc/arm-none-eabi/10.3.1/thumb/v7e-m+fp/hard\libgcc.a(_aeabi_uldivmod.o)
 .debug_frame   0x0000000000001d54       0x34 c:/st/stm32cubeide_1.10.1/stm32cubeide/plugins/com.st.stm32cube.ide.mcu.externaltools.gnu-tools-for-stm32.10.3-2021.10.win32_1.0.0.202111181127/tools/bin/../lib/gcc/arm-none-eabi/10.3.1/thumb/v7e-m+fp/hard\libgcc.a(_udivmoddi4.o)
